// Jest Snapshot v1, https://goo.gl/fbAQLP

exports[`renders Button Component correctly 1`] = `
<button
  onClick={[Function]}
>
  Click me-1
</button>
`;
